src/components/NavLink.tsx(1,36): error TS1484: 'NavLinkProps' is a type and must be imported using a type-only import when 'verbatimModuleSyntax' is enabled.
src/hooks/useLanguage.tsx(1,47): error TS1484: 'ReactNode' is a type and must be imported using a type-only import when 'verbatimModuleSyntax' is enabled.
